<!DOCTYPE html>
<html>
<head>
  <title>Test Single</title>
  <meta http-equiv="Content-Type" content="text/html; charset=utf-8" />
  <meta name="generator" content="pandoc" />
  <link rel="stylesheet" href="style.css" type="text/css" />
</head>
<body>

<div id="docbody">
<h1 class="title">Test Single</h1>
<p
>Single page test</p
>
</div>

</body>
</html>