<!DOCTYPE html>
<html>
<head>
  <title>Test</title>
  <meta http-equiv="Content-Type" content="text/html; charset=utf-8" />
  <meta name="generator" content="pandoc" />
  <link rel="stylesheet" href="style.css" type="text/css" />
</head>
<body>


<nav class="page top">
    <ul>
        <li class="current"><a href="index.html">Test</a></li>
        
        
        
    </ul>
</nav>
<div id="docbody">
<h1 class="title">Test</h1>
<p
>Testing variables:</p
><p
>This should be abc:</p
><pre
><code
  >abc
</code
  ></pre
><p
>This should be 123:</p
><pre
><code
  >123
</code
  ></pre
>
</div>

<nav class="page bottom">
    <ul>
        <li class="current"><a href="index.html">Test</a></li>
        
        
        
    </ul>
</nav>

</body>
</html>