<!DOCTYPE html>
<html>
<head>
  <title>Subdir 2 page</title>
  <meta http-equiv="Content-Type" content="text/html; charset=utf-8" />
  <meta name="generator" content="pandoc" />
  <link rel="stylesheet" href="../style.css" type="text/css" />
</head>
<body>


<nav class="breadcrumb top">
    <ul>
        <li><a href="../index.html">Recurse test</a></li>
    </ul>
</nav>

<nav class="page top">
    <ul>
        <li class="current"><a href="index.html">Subdir 2 page</a></li>
        
        
        <li class="next"><a href="second.html">Chapter 1: Second page</a></li>
    </ul>
</nav>
<div id="docbody">
<h1 class="title">Subdir 2 page</h1>
<p
>Subdir 2 page</p
><h2 id="table-of-contents"
>Table of Contents</h2
><ol style="list-style-type: decimal;"
><li
  ><a href="second.html"
    >Second page</a
    ></li
  ><li
  ><a href="third.html"
    >Third page</a
    ></li
  ></ol
><h2 id="sections"
>Sections</h2
><ol style="list-style-type: decimal;"
><li
  ><a href="subdir3/index.html"
    >Subdir page</a
    ></li
  ></ol
>
</div>

<nav class="page bottom">
    <ul>
        <li class="current"><a href="index.html">Subdir 2 page</a></li>
        
        
        <li class="next"><a href="second.html">Chapter 1: Second page</a></li>
    </ul>
</nav>
<nav class="breadcrumb bottom">
    <ul>
        <li><a href="../index.html">Recurse test</a></li>
    </ul>
</nav>

</body>
</html>