<!DOCTYPE html>
<html>
<head>
  <title>Document1</title>
  <meta http-equiv="Content-Type" content="text/html; charset=utf-8" />
  <meta name="generator" content="pandoc" />
  <link rel="stylesheet" href="style.css" type="text/css" />
</head>
<body>

<div id="docbody">
<h1 class="title">Document1</h1>
<p
>Document 1 content</p
><p
>Some lines from document 2</p
><p
>Document 3 here</p
><p
>Usage file</p
>
</div>

</body>
</html>