<!DOCTYPE html>
<html>
<head>
  <title>Subdir 2 page</title>
  <meta http-equiv="Content-Type" content="text/html; charset=utf-8" />
  <meta name="generator" content="pandoc" />
  <link rel="stylesheet" href="../style.css" type="text/css" />
</head>
<body>


<nav class="breadcrumb top">
    <ul>
        <li><a href="../index.html">Recurse test</a></li>
    </ul>
</nav>

<nav class="page top">
    <ul>
        <li class="current"><a href="index.html">Subdir 2 page</a></li>
        
        
        
    </ul>
</nav>
<div id="docbody">
<h1 class="title">Subdir 2 page</h1>
<p
>Subdir 2 page</p
>
</div>

<nav class="page bottom">
    <ul>
        <li class="current"><a href="index.html">Subdir 2 page</a></li>
        
        
        
    </ul>
</nav>
<nav class="breadcrumb bottom">
    <ul>
        <li><a href="../index.html">Recurse test</a></li>
    </ul>
</nav>

</body>
</html>