<!DOCTYPE html>
<html>
<head>
  <title></title>
  <meta http-equiv="Content-Type" content="text/html; charset=utf-8" />
  <meta name="generator" content="pandoc" />
  <link rel="stylesheet" href="../style.css" type="text/css" />
</head>
<body>


<nav class="breadcrumb top">
    <ul>
        <li><a href="../index.html">Recurse test</a></li>
    </ul>
</nav>

<nav class="page top">
    <ul>
        <li class="current"><a href="third.html">Chapter 2: Third page</a></li>
        <li class="toc"><a href="index.html">Subdir page</a></li>
        <li class="prev"><a href="second.html">Chapter 1: Second page</a></li>
        
    </ul>
</nav>
<div id="docbody">
<div id="TOC"
><ul
  ><li
    ><a href="#third-page"
      >Third page</a
      ></li
    ></ul
  ></div
>
<h1 id="third-page"
><a href="#TOC"
  >Third page</a
  ></h1
><p
>Third page</p
>
</div>

<nav class="page bottom">
    <ul>
        <li class="current"><a href="third.html">Chapter 2: Third page</a></li>
        <li class="toc"><a href="index.html">Subdir page</a></li>
        <li class="prev"><a href="second.html">Chapter 1: Second page</a></li>
        
    </ul>
</nav>
<nav class="breadcrumb bottom">
    <ul>
        <li><a href="../index.html">Recurse test</a></li>
    </ul>
</nav>

</body>
</html>