<!DOCTYPE html>
<html>
<head>
  <title>Table of Contents</title>
  <meta http-equiv="Content-Type" content="text/html; charset=utf-8" />
  <meta name="generator" content="pandoc" />
  <link rel="stylesheet" href="style.css" type="text/css" />
</head>
<body>


<nav class="page top">
    <ul>
        <li class="current"><a href="index.html">Table of Contents</a></li>
        
        
        <li class="next"><a href="document.html">Chapter 1: Document</a></li>
    </ul>
</nav>
<div id="docbody">
<h1 class="title">Table of Contents</h1>
<ol style="list-style-type: decimal;"
><li
  ><a href="document.html"
    >Document</a
    ></li
  ><li
  ><a href="document2.html"
    >Document2</a
    ></li
  ><li
  ><a href="document3.html"
    >Document3</a
    ></li
  ><li
  ><a href="document4.html"
    >Document4</a
    ></li
  ></ol
>
</div>

<nav class="page bottom">
    <ul>
        <li class="current"><a href="index.html">Table of Contents</a></li>
        
        
        <li class="next"><a href="document.html">Chapter 1: Document</a></li>
    </ul>
</nav>

</body>
</html>